[    2097ms] [WARNING] Multiple GoTrueClient instances detected in the same browser context. It is not an error, but this should be avoided as it may produce undefined behavior when used concurrently under the same storage key. @ https://21st.dev/_next/static/chunks/39645-26fd936ff75b46d7.js:5
[    2453ms] Minified React error #419; visit https://react.dev/errors/419 for the full message or use the non-minified dev environment for full errors and additional helpful warnings.
[    2604ms] [WARNING] [PostHog.js] You have already initialized PostHog! Re-initializing is a no-op @ https://21st.dev/_next/static/chunks/2d2d3c67-4d6f2c780fa8c97c.js:0
[    3018ms] [ERROR] %c << query #2 %cusers.isCurrentUserAdmin%c %O 
    background-color: #3fb0d8;
    color: white;
    padding: 2px;
   
    background-color: #3fb0d8;
    color: white;
    padding: 2px;
  ; font-weight: bold; 
    background-color: #3fb0d8;
    color: white;
    padding: 2px;
  ; font-weight: normal; {input: undefined, result: TRPCClientError: User must be authenticated
    at a.from (https://21st.dev/_next/static/chunks/621…, elapsedMs: 537, context: Object} @ https://21st.dev/_next/static/chunks/62146-eabef9963bb83f02.js:4
[    3569ms] [LOG] [Featurebase SDK] Initializing SDK! @ https://do.featurebase.app/js/sdk.js:267
[    3996ms] [LOG] [Featurebase SDK] Messenger initialization already in progress, checking if data changed @ https://do.featurebase.app/js/sdk.js:267
[    3996ms] [LOG] [Featurebase SDK] Data changed, canceling previous request @ https://do.featurebase.app/js/sdk.js:267
[    3997ms] [LOG] [Featurebase SDK] Previous request canceled due to new request @ https://do.featurebase.app/js/sdk.js:267
[    4072ms] [LOG] [Featurebase SDK] Messenger initialization already in progress, checking if data changed @ https://do.featurebase.app/js/sdk.js:267
[    4072ms] [LOG] [Featurebase SDK] Same data as previous request, waiting for completion @ https://do.featurebase.app/js/sdk.js:267
[    4151ms] [LOG] [Featurebase SDK] Messenger initialization already in progress, checking if data changed @ https://do.featurebase.app/js/sdk.js:267
[    4151ms] [LOG] [Featurebase SDK] Same data as previous request, waiting for completion @ https://do.featurebase.app/js/sdk.js:267
[    4383ms] [ERROR] %c << query #4 %cusers.isCurrentUserAdmin%c %O 
    background-color: #3fb0d8;
    color: white;
    padding: 2px;
   
    background-color: #3fb0d8;
    color: white;
    padding: 2px;
  ; font-weight: bold; 
    background-color: #3fb0d8;
    color: white;
    padding: 2px;
  ; font-weight: normal; {input: undefined, result: TRPCClientError: User must be authenticated
    at a.from (https://21st.dev/_next/static/chunks/621…, elapsedMs: 362, context: Object} @ https://21st.dev/_next/static/chunks/62146-eabef9963bb83f02.js:4
[    4591ms] [WARNING] An iframe which has both allow-scripts and allow-same-origin for its sandbox attribute can escape its sandboxing. @ https://do.featurebase.app/js/sdk.js:261
[    6755ms] [ERROR] %c << query #5 %cusers.isCurrentUserAdmin%c %O 
    background-color: #3fb0d8;
    color: white;
    padding: 2px;
   
    background-color: #3fb0d8;
    color: white;
    padding: 2px;
  ; font-weight: bold; 
    background-color: #3fb0d8;
    color: white;
    padding: 2px;
  ; font-weight: normal; {input: undefined, result: TRPCClientError: User must be authenticated
    at a.from (https://21st.dev/_next/static/chunks/621…, elapsedMs: 370, context: Object} @ https://21st.dev/_next/static/chunks/62146-eabef9963bb83f02.js:4
[   11118ms] [ERROR] %c << query #6 %cusers.isCurrentUserAdmin%c %O 
    background-color: #3fb0d8;
    color: white;
    padding: 2px;
   
    background-color: #3fb0d8;
    color: white;
    padding: 2px;
  ; font-weight: bold; 
    background-color: #3fb0d8;
    color: white;
    padding: 2px;
  ; font-weight: normal; {input: undefined, result: TRPCClientError: User must be authenticated
    at a.from (https://21st.dev/_next/static/chunks/621…, elapsedMs: 360, context: Object} @ https://21st.dev/_next/static/chunks/62146-eabef9963bb83f02.js:4
